\BOOKMARK [0][-]{part.1}{\376\377\000I\000\040\000I\000n\000t\000r\000o\000d\000u\000c\000t\000i\000o\000n}{}% 1
\BOOKMARK [1][-]{section.1}{\376\377\000A\000\040\000R\000u\000n\000n\000i\000n\000g\000\040\000E\000x\000a\000m\000p\000l\000e}{part.1}% 2
\BOOKMARK [1][-]{section.2}{\376\377\000A\000r\000t\000i\000f\000i\000c\000i\000a\000l\000\040\000I\000n\000t\000e\000l\000l\000i\000g\000e\000n\000c\000e}{part.1}% 3
\BOOKMARK [1][-]{section.3}{\376\377\000S\000c\000h\000e\000d\000u\000l\000i\000n\000g}{part.1}% 4
\BOOKMARK [2][-]{subsection.3.1}{\376\377\000C\000o\000n\000s\000t\000r\000a\000i\000n\000t\000-\000B\000a\000s\000e\000d\000\040\000S\000c\000h\000e\000d\000u\000l\000i\000n\000g}{section.3}% 5
\BOOKMARK [2][-]{subsection.3.2}{\376\377\000O\000t\000h\000e\000r\000\040\000S\000c\000h\000e\000d\000u\000l\000i\000n\000g\000\040\000S\000o\000l\000u\000t\000i\000o\000n\000\040\000A\000p\000p\000r\000o\000a\000c\000h\000e\000s}{section.3}% 6
\BOOKMARK [1][-]{section.4}{\376\377\000C\000o\000u\000r\000s\000e\000\040\000S\000t\000r\000u\000c\000t\000u\000r\000e}{part.1}% 7
\BOOKMARK [2][-]{subsection.4.1}{\376\377\000T\000i\000m\000e\000t\000a\000b\000l\000e}{section.4}% 8
\BOOKMARK [2][-]{subsection.4.2}{\376\377\000W\000h\000a\000t\000\040\000i\000s\000\040\000n\000o\000t\000\040\000c\000o\000v\000e\000r\000e\000d\000?}{section.4}% 9
\BOOKMARK [1][-]{section.5}{\376\377\000S\000u\000m\000m\000a\000r\000y}{part.1}% 10
\BOOKMARK [0][-]{part.2}{\376\377\000I\000I\000\040\000C\000o\000n\000c\000e\000p\000t\000s}{}% 11
\BOOKMARK [1][-]{section.6}{\376\377\000C\000o\000r\000e\000\040\000C\000o\000n\000c\000e\000p\000t\000s}{part.2}% 12
\BOOKMARK [2][-]{subsection.6.1}{\376\377\000J\000o\000b\000s\000,\000\040\000T\000a\000s\000k\000s\000\040\000a\000n\000d\000\040\000R\000e\000s\000o\000u\000r\000c\000e\000s}{section.6}% 13
\BOOKMARK [2][-]{subsection.6.2}{\376\377\000O\000r\000d\000e\000r\000s\000,\000\040\000P\000r\000o\000d\000u\000c\000t\000s\000,\000\040\000P\000r\000o\000c\000e\000s\000s\000e\000s}{section.6}% 14
\BOOKMARK [1][-]{section.7}{\376\377\000T\000e\000m\000p\000o\000r\000a\000l\000\040\000R\000e\000l\000a\000t\000i\000o\000n\000s}{part.2}% 15
\BOOKMARK [2][-]{subsection.7.1}{\376\377\000R\000e\000l\000a\000t\000i\000o\000n\000s\000\040\000b\000e\000t\000w\000e\000e\000n\000\040\000T\000a\000s\000k\000s}{section.7}% 16
\BOOKMARK [2][-]{subsection.7.2}{\376\377\000R\000e\000l\000a\000t\000i\000o\000n\000\040\000b\000e\000t\000w\000e\000e\000n\000\040\000T\000a\000s\000k\000s\000\040\000a\000n\000d\000\040\000J\000o\000b\000s}{section.7}% 17
\BOOKMARK [2][-]{subsection.7.3}{\376\377\000J\000o\000b\000s\000:\000\040\000R\000e\000l\000e\000a\000s\000e\000\040\000a\000n\000d\000\040\000D\000u\000e\000\040\000D\000a\000t\000e}{section.7}% 18
\BOOKMARK [2][-]{subsection.7.4}{\376\377\000R\000e\000l\000a\000t\000i\000o\000n\000s\000\040\000b\000e\000t\000w\000e\000e\000n\000\040\000j\000o\000b\000s}{section.7}% 19
\BOOKMARK [1][-]{section.8}{\376\377\000A\000l\000t\000e\000r\000n\000a\000t\000i\000v\000e\000\040\000P\000r\000o\000c\000e\000s\000s\000e\000s\000,\000\040\000B\000i\000l\000l\000\040\000o\000f\000\040\000M\000a\000t\000e\000r\000i\000a\000l\000s}{part.2}% 20
\BOOKMARK [1][-]{section.9}{\376\377\000P\000r\000o\000b\000l\000e\000m\000\040\000C\000l\000a\000s\000s\000i\000f\000i\000c\000a\000t\000i\000o\000n}{part.2}% 21
\BOOKMARK [2][-]{subsection.9.1}{\376\377\000J\000o\000b\000-\000S\000h\000o\000p}{section.9}% 22
\BOOKMARK [2][-]{subsection.9.2}{\376\377\000F\000l\000o\000w\000-\000S\000h\000o\000p}{section.9}% 23
\BOOKMARK [2][-]{subsection.9.3}{\376\377\000O\000p\000e\000n\000-\000S\000h\000o\000p}{section.9}% 24
\BOOKMARK [2][-]{subsection.9.4}{\376\377\000R\000C\000P\000S\000P}{section.9}% 25
\BOOKMARK [2][-]{subsection.9.5}{\376\377\000/\000/\000\040\000N\000o\000t\000a\000t\000i\000o\000n}{section.9}% 26
\BOOKMARK [1][-]{section.10}{\376\377\000K\000e\000y\000\040\000V\000i\000s\000u\000a\000l\000i\000z\000a\000t\000i\000o\000n\000\040\000M\000e\000t\000h\000o\000d\000s}{part.2}% 27
\BOOKMARK [1][-]{section.11}{\376\377\000S\000u\000m\000m\000a\000r\000y}{part.2}% 28
\BOOKMARK [0][-]{part.3}{\376\377\000I\000I\000I\000\040\000M\000a\000c\000h\000i\000n\000e\000s\000\040\000a\000n\000d\000\040\000R\000e\000s\000o\000u\000r\000c\000e\000s}{}% 29
\BOOKMARK [1][-]{section.12}{\376\377\000D\000i\000s\000j\000u\000n\000c\000t\000i\000v\000e\000\040\000R\000e\000s\000o\000u\000r\000c\000e\000s}{part.3}% 30
\BOOKMARK [2][-]{subsection.12.1}{\376\377\000P\000r\000e\000e\000m\000p\000t\000i\000o\000n}{section.12}% 31
\BOOKMARK [1][-]{section.13}{\376\377\000C\000u\000m\000u\000l\000a\000t\000i\000v\000e\000\040\000R\000e\000s\000o\000u\000r\000c\000e\000s}{part.3}% 32
\BOOKMARK [2][-]{subsection.13.1}{\376\377\000D\000e\000m\000a\000n\000d\000\040\000a\000n\000d\000\040\000C\000a\000p\000a\000c\000i\000t\000y}{section.13}% 33
\BOOKMARK [2][-]{subsection.13.2}{\376\377\000V\000a\000r\000i\000a\000n\000t\000s}{section.13}% 34
\BOOKMARK [1][-]{section.14}{\376\377\000M\000a\000n\000p\000o\000w\000e\000r}{part.3}% 35
\BOOKMARK [2][-]{subsection.14.1}{\376\377\000N\000e\000s\000t\000e\000d\000\040\000S\000k\000i\000l\000l\000\040\000L\000e\000v\000e\000l\000s}{section.14}% 36
\BOOKMARK [2][-]{subsection.14.2}{\376\377\000A\000s\000s\000i\000g\000n\000e\000d\000\040\000O\000p\000e\000r\000a\000t\000o\000r\000s}{section.14}% 37
\BOOKMARK [2][-]{subsection.14.3}{\376\377\000F\000r\000a\000c\000t\000i\000o\000n\000a\000l\000\040\000M\000a\000n\000p\000o\000w\000e\000r\000\040\000N\000e\000e\000d\000s}{section.14}% 38
\BOOKMARK [1][-]{section.15}{\376\377\000M\000a\000c\000h\000i\000n\000e\000\040\000C\000h\000o\000i\000c\000e}{part.3}% 39
\BOOKMARK [2][-]{subsection.15.1}{\376\377\000I\000d\000e\000n\000t\000i\000c\000a\000l\000\040\000M\000a\000c\000h\000i\000n\000e\000s}{section.15}% 40
\BOOKMARK [2][-]{subsection.15.2}{\376\377\000M\000a\000c\000h\000i\000n\000e\000\040\000D\000e\000p\000e\000n\000d\000e\000n\000t\000\040\000S\000p\000e\000e\000d}{section.15}% 41
\BOOKMARK [2][-]{subsection.15.3}{\376\377\000M\000a\000c\000h\000i\000n\000e\000\040\000P\000r\000e\000f\000e\000r\000e\000n\000c\000e\000s}{section.15}% 42
\BOOKMARK [1][-]{section.16}{\376\377\000W\000o\000r\000k\000\040\000i\000n\000\040\000P\000r\000o\000g\000r\000e\000s\000s\000\040\000a\000n\000d\000\040\000P\000l\000a\000n\000n\000e\000d\000\040\000D\000o\000w\000n\000t\000i\000m\000e\000s}{part.3}% 43
\BOOKMARK [1][-]{section.17}{\376\377\000C\000a\000l\000e\000n\000d\000a\000r\000s}{part.3}% 44
\BOOKMARK [2][-]{subsection.17.1}{\376\377\000F\000a\000c\000t\000o\000r\000y\000\040\000W\000i\000d\000e\000\040\000C\000a\000l\000e\000n\000d\000a\000r\000s}{section.17}% 45
\BOOKMARK [2][-]{subsection.17.2}{\376\377\000C\000a\000l\000e\000n\000d\000a\000r\000\040\000D\000e\000p\000e\000n\000d\000e\000n\000t\000\040\000D\000u\000r\000a\000t\000i\000o\000n}{section.17}% 46
\BOOKMARK [2][-]{subsection.17.3}{\376\377\000T\000a\000s\000k\000/\000B\000r\000e\000a\000k\000\040\000I\000n\000t\000e\000r\000a\000c\000t\000i\000o\000n}{section.17}% 47
\BOOKMARK [1][-]{section.18}{\376\377\000S\000u\000m\000m\000a\000r\000y}{part.3}% 48
\BOOKMARK [0][-]{part.4}{\376\377\000I\000V\000\040\000O\000b\000j\000e\000c\000t\000i\000v\000e\000s}{}% 49
\BOOKMARK [1][-]{section.19}{\376\377\000O\000p\000t\000i\000m\000a\000l\000\040\000v\000s\000.\000\040\000G\000o\000o\000d\000\040\000S\000o\000l\000u\000t\000i\000o\000n\000s}{part.4}% 50
\BOOKMARK [2][-]{subsection.19.1}{\376\377\000C\000o\000s\000t\000\040\000v\000s\000.\000\040\000P\000r\000o\000f\000i\000t\000\040\000B\000a\000s\000e\000d\000\040\000O\000b\000j\000e\000c\000t\000i\000v\000e\000s}{section.19}% 51
\BOOKMARK [1][-]{section.20}{\376\377\000O\000b\000j\000e\000c\000t\000i\000v\000e\000\040\000T\000y\000p\000e\000s}{part.4}% 52
\BOOKMARK [2][-]{subsection.20.1}{\376\377\000M\000a\000k\000e\000s\000p\000a\000n}{section.20}% 53
\BOOKMARK [2][-]{subsection.20.2}{\376\377\000F\000l\000o\000w\000t\000i\000m\000e}{section.20}% 54
\BOOKMARK [2][-]{subsection.20.3}{\376\377\000L\000a\000t\000e\000n\000e\000s\000s}{section.20}% 55
\BOOKMARK [2][-]{subsection.20.4}{\376\377\000O\000n\000-\000T\000i\000m\000e}{section.20}% 56
\BOOKMARK [2][-]{subsection.20.5}{\376\377\000H\000y\000b\000r\000i\000d}{section.20}% 57
\BOOKMARK [2][-]{subsection.20.6}{\376\377\000C\000o\000m\000p\000a\000r\000i\000s\000o\000n}{section.20}% 58
\BOOKMARK [2][-]{subsection.20.7}{\376\377\000O\000t\000h\000e\000r\000\040\000o\000b\000j\000e\000c\000t\000i\000v\000e\000s}{section.20}% 59
\BOOKMARK [1][-]{section.21}{\376\377\000O\000t\000h\000e\000r\000\040\000Q\000u\000a\000l\000i\000t\000y\000\040\000V\000e\000c\000t\000o\000r\000s}{part.4}% 60
\BOOKMARK [1][-]{section.22}{\376\377\000K\000e\000y\000\040\000P\000e\000r\000f\000o\000r\000m\000a\000n\000c\000e\000\040\000I\000n\000d\000i\000c\000a\000t\000o\000r\000s}{part.4}% 61
\BOOKMARK [1][-]{section.23}{\376\377\000I\000n\000t\000e\000r\000a\000c\000t\000i\000v\000e\000\040\000S\000c\000h\000e\000d\000u\000l\000i\000n\000g}{part.4}% 62
\BOOKMARK [0][-]{part.5}{\376\377\000V\000\040\000C\000a\000s\000e\000\040\000S\000t\000u\000d\000i\000e\000s}{}% 63
\BOOKMARK [0][-]{part.6}{\376\377\000V\000I\000\040\000O\000v\000e\000n\000\040\000S\000c\000h\000e\000d\000u\000l\000i\000n\000g\000\040\000C\000a\000s\000e\000\040\000S\000t\000u\000d\000y}{}% 64
\BOOKMARK [0][-]{part.7}{\376\377\000V\000I\000I\000\040\000B\000l\000a\000d\000e\000s\000\040\000a\000n\000d\000\040\000V\000a\000n\000e\000s\000\040\000P\000r\000o\000d\000u\000c\000t\000i\000o\000n\000\040\000C\000a\000s\000e\000\040\000S\000t\000u\000d\000y}{}% 65
\BOOKMARK [0][-]{part.8}{\376\377\000V\000I\000I\000I\000\040\000E\000x\000p\000e\000r\000i\000m\000e\000n\000t\000s}{}% 66
\BOOKMARK [1][-]{section.24}{\376\377\000T\000h\000e\000\040\000S\000c\000h\000e\000d\000u\000l\000i\000n\000g\000\040\000T\000o\000o\000l}{part.8}% 67
\BOOKMARK [1][-]{section.25}{\376\377\000U\000n\000d\000e\000r\000\040\000t\000h\000e\000\040\000h\000o\000o\000d}{part.8}% 68
\BOOKMARK [2][-]{subsection.25.1}{\376\377\000G\000o\000o\000g\000l\000e\000\040\000C\000P\000S\000a\000t}{section.25}% 69
\BOOKMARK [2][-]{subsection.25.2}{\376\377\000I\000B\000M\000\040\000C\000P\000O\000p\000t\000i\000m\000i\000z\000e\000r}{section.25}% 70
\BOOKMARK [2][-]{subsection.25.3}{\376\377\000M\000i\000n\000i\000Z\000i\000n\000c}{section.25}% 71
\BOOKMARK [2][-]{subsection.25.4}{\376\377\000W\000h\000i\000c\000h\000\040\000s\000o\000l\000v\000e\000r\000\040\000i\000s\000\040\000b\000e\000t\000t\000e\000r\000?}{section.25}% 72
\BOOKMARK [1][-]{section.26}{\376\377\000I\000n\000p\000u\000t\000\040\000D\000a\000t\000a}{part.8}% 73
\BOOKMARK [1][-]{section.27}{\376\377\000R\000e\000s\000u\000l\000t\000\040\000O\000u\000t\000p\000u\000t}{part.8}% 74
\BOOKMARK [1][-]{section.28}{\376\377\000I\000n\000s\000t\000a\000n\000c\000e\000\040\000G\000e\000n\000e\000r\000a\000t\000o\000r}{part.8}% 75
\BOOKMARK [1][-]{section.29}{\376\377\000P\000r\000e\000d\000e\000f\000i\000n\000e\000d\000\040\000P\000r\000o\000b\000l\000e\000m\000\040\000S\000e\000t\000s}{part.8}% 76
\BOOKMARK [2][-]{subsection.29.1}{\376\377\000T\000a\000i\000l\000l\000a\000r\000d}{section.29}% 77
\BOOKMARK [2][-]{subsection.29.2}{\376\377\000S\000A\000L\000B\000P}{section.29}% 78
\BOOKMARK [2][-]{subsection.29.3}{\376\377\000T\000e\000s\000t\000\040\000S\000c\000h\000e\000d\000u\000l\000i\000n\000g}{section.29}% 79
\BOOKMARK [1][-]{section.30}{\376\377\000S\000o\000m\000e\000\040\000S\000u\000g\000g\000e\000s\000t\000e\000d\000\040\000E\000x\000p\000e\000r\000i\000m\000e\000n\000t\000s}{part.8}% 80
\BOOKMARK [1][-]{section.31}{\376\377\000S\000u\000m\000m\000a\000r\000y}{part.8}% 81
